<html>
<body>
<pre>
<h1>礦ision Build Log</h1>
<h2>Project:</h2>
D:\example programs\example programs about lpc1114\【例程3】串口控制(UART)\【例程3.1】串口发送（查询方式）\RationUART.uvproj
Project File Date:  05/19/2014

<h2>Output:</h2>
compiling main.c...
User\main.c - 0 Error(s), 0 Warning(s).
compiling main.c...
User\main.c - 0 Error(s), 0 Warning(s).
Build target 'Target 1'
assembling startup_LPC11xx.s...
compiling system_LPC11xx.c...
compiling uart.c...
linking...
Program Size: Code=1596 RO-data=224 RW-data=4 ZI-data=612  
FromELF: creating hex file...
"RationUART.axf" - 0 Error(s), 0 Warning(s).
Load "D:\\example programs\\example programs about lpc1114\\【例程3】串口控制(UART)\\【例程3.1】串口发送（查询方式）\\RationUART.AXF" 
Build target 'Target 1'
assembling startup_LPC11xx.s...
compiling system_LPC11xx.c...
compiling main.c...
compiling uart.c...
linking...
Program Size: Code=1076 RO-data=264 RW-data=4 ZI-data=516  
FromELF: creating hex file...
"RationUART.axf" - 0 Error(s), 0 Warning(s).
Load "D:\\example programs\\example programs about lpc1114\\【例程3】串口控制(UART)\\【例程3.1】串口发送（查询方式）\\RationUART.AXF" 
Erasing Done.
Programming Done.
