ARM Linker, 4.1 [Build 481] [Evaluation]

==============================================================================

Section Cross References

    startup_lpc11xx.o(RESET) refers to startup_lpc11xx.o(STACK) for __initial_sp
    startup_lpc11xx.o(RESET) refers to startup_lpc11xx.o(.text) for Reset_Handler
    startup_lpc11xx.o(.text) refers to system_lpc11xx.o(.text) for SystemInit
    startup_lpc11xx.o(.text) refers to entry.o(.ARM.Collect$$$$00000000) for __main
    system_lpc11xx.o(.text) refers to system_lpc11xx.o(i.__ARM_common_switch8) for __ARM_common_switch8
    system_lpc11xx.o(.text) refers to uidiv.o(.text) for __aeabi_uidivmod
    system_lpc11xx.o(.text) refers to system_lpc11xx.o(.data) for SystemCoreClock
    main.o(.text) refers to uart.o(.text) for UART_init
    uart.o(.text) refers to uidiv.o(.text) for __aeabi_uidivmod
    uart.o(.text) refers to system_lpc11xx.o(.data) for SystemCoreClock
    entry.o(.ARM.Collect$$$$00000000) refers (Special) to entry7.o(.ARM.Collect$$$$00000007) for _main_init
    entry.o(.ARM.Collect$$$$00000000) refers (Special) to entry5.o(.ARM.Collect$$$$00000004) for _main_scatterload
    entry.o(.ARM.Collect$$$$00000000) refers (Special) to entry2.o(.ARM.Collect$$$$00000001) for _main_stk
    entry2.o(.ARM.Collect$$$$00000001) refers to entry2.o(.ARM.Collect$$$$00002712) for __lit__00000000
    entry2.o(.ARM.Collect$$$$00002712) refers to startup_lpc11xx.o(STACK) for __initial_sp
    entry2.o(__vectab_stack_and_reset_area) refers to startup_lpc11xx.o(STACK) for __initial_sp
    entry2.o(__vectab_stack_and_reset_area) refers to entry.o(.ARM.Collect$$$$00000000) for __main
    entry5.o(.ARM.Collect$$$$00000004) refers to init.o(.text) for __scatterload
    entry7.o(.ARM.Collect$$$$00000007) refers to main.o(.text) for main
    init.o(.text) refers to entry5.o(.ARM.Collect$$$$00000004) for __main_after_scatterload


==============================================================================

Removing Unused input sections from the image.

    Removing startup_lpc11xx.o(HEAP), (0 bytes).
    Removing system_lpc11xx.o(.rev16_text), (4 bytes).
    Removing system_lpc11xx.o(.revsh_text), (4 bytes).
    Removing main.o(.rev16_text), (4 bytes).
    Removing main.o(.revsh_text), (4 bytes).
    Removing uart.o(.rev16_text), (4 bytes).
    Removing uart.o(.revsh_text), (4 bytes).

7 unused section(s) (total 24 bytes) removed from the image.

==============================================================================

Image Symbol Table

    Local Symbols

    Symbol Name                              Value     Ov Type        Size  Object(Section)

    RESET                                    0x00000000   Section      192  startup_lpc11xx.o(RESET)
    ../../microlib/division.c                0x00000000   Number         0  uidiv.o ABSOLUTE
    ../../microlib/init/entry.s              0x00000000   Number         0  entry.o ABSOLUTE
    ../../microlib/init/entry.s              0x00000000   Number         0  entry7.o ABSOLUTE
    ../../microlib/init/entry.s              0x00000000   Number         0  entry5.o ABSOLUTE
    ../../microlib/init/entry.s              0x00000000   Number         0  entry2.o ABSOLUTE
    CFG\\uart.c                              0x00000000   Number         0  uart.o ABSOLUTE
    CFG\uart.c                               0x00000000   Number         0  uart.o ABSOLUTE
    LPC11XX\\system_LPC11xx.c                0x00000000   Number         0  system_lpc11xx.o ABSOLUTE
    LPC11XX\system_LPC11xx.c                 0x00000000   Number         0  system_lpc11xx.o ABSOLUTE
    User\\main.c                             0x00000000   Number         0  main.o ABSOLUTE
    User\main.c                              0x00000000   Number         0  main.o ABSOLUTE
    dc.s                                     0x00000000   Number         0  dc.o ABSOLUTE
    handlers.s                               0x00000000   Number         0  handlers.o ABSOLUTE
    init.s                                   0x00000000   Number         0  init.o ABSOLUTE
    startup_LPC11xx.s                        0x00000000   Number         0  startup_lpc11xx.o ABSOLUTE
    .ARM.Collect$$$$00000000                 0x000000c0   Section        0  entry.o(.ARM.Collect$$$$00000000)
    .ARM.Collect$$$$00000001                 0x000000c0   Section        4  entry2.o(.ARM.Collect$$$$00000001)
    .ARM.Collect$$$$00000004                 0x000000c4   Section        4  entry5.o(.ARM.Collect$$$$00000004)
    .ARM.Collect$$$$00000007                 0x000000c8   Section        8  entry7.o(.ARM.Collect$$$$00000007)
    .ARM.Collect$$$$00002712                 0x000000d0   Section        4  entry2.o(.ARM.Collect$$$$00002712)
    __lit__00000000                          0x000000d0   Data           4  entry2.o(.ARM.Collect$$$$00002712)
    .text                                    0x000000d4   Section       28  startup_lpc11xx.o(.text)
    .text                                    0x000000f0   Section        0  main.o(.text)
    .text                                    0x00000148   Section        0  uart.o(.text)
    .text                                    0x0000022c   Section        0  uidiv.o(.text)
    .text                                    0x00000258   Section       36  init.o(.text)
    i.__ARM_common_switch8                   0x0000027c   Section        0  system_lpc11xx.o(i.__ARM_common_switch8)
    i.__scatterload_copy                     0x00000296   Section       14  handlers.o(i.__scatterload_copy)
    i.__scatterload_null                     0x000002a4   Section        2  handlers.o(i.__scatterload_null)
    i.__scatterload_zeroinit                 0x000002a6   Section       14  handlers.o(i.__scatterload_zeroinit)
    .ARM.__at_0x02FC                         0x000002fc   Section        4  startup_lpc11xx.o(.ARM.__at_0x02FC)
    .text                                    0x00000300   Section        0  system_lpc11xx.o(.text)
    .data                                    0x10000000   Section        4  system_lpc11xx.o(.data)
    STACK                                    0x10000008   Section      512  startup_lpc11xx.o(STACK)

    Global Symbols

    Symbol Name                              Value     Ov Type        Size  Object(Section)

    BuildAttributes$$THM_ISAv3M$S$PE$A:L22$X:L11$S22$IEEE1$IW$USESV6$~STKCKD$USESV7$~SHL$OSPACE$EBA8$MICROLIB$REQ8$PRES8$EABIv2 0x00000000   Number         0  anon$$obj.o ABSOLUTE
    __ARM_use_no_argv                        0x00000000   Number         0  main.o ABSOLUTE
    __Vectors                                0x00000000   Data           4  startup_lpc11xx.o(RESET)
    __decompress                              - Undefined Weak Reference
    __main                                   0x000000c1   Thumb Code     0  entry.o(.ARM.Collect$$$$00000000)
    _main_stk                                0x000000c1   Thumb Code     0  entry2.o(.ARM.Collect$$$$00000001)
    _main_scatterload                        0x000000c5   Thumb Code     0  entry5.o(.ARM.Collect$$$$00000004)
    __main_after_scatterload                 0x000000c9   Thumb Code     0  entry5.o(.ARM.Collect$$$$00000004)
    _main_init                               0x000000c9   Thumb Code     0  entry7.o(.ARM.Collect$$$$00000007)
    Reset_Handler                            0x000000d5   Thumb Code     8  startup_lpc11xx.o(.text)
    NMI_Handler                              0x000000dd   Thumb Code     2  startup_lpc11xx.o(.text)
    HardFault_Handler                        0x000000df   Thumb Code     2  startup_lpc11xx.o(.text)
    SVC_Handler                              0x000000e1   Thumb Code     2  startup_lpc11xx.o(.text)
    PendSV_Handler                           0x000000e3   Thumb Code     2  startup_lpc11xx.o(.text)
    SysTick_Handler                          0x000000e5   Thumb Code     2  startup_lpc11xx.o(.text)
    ADC_IRQHandler                           0x000000e7   Thumb Code     0  startup_lpc11xx.o(.text)
    BOD_IRQHandler                           0x000000e7   Thumb Code     0  startup_lpc11xx.o(.text)
    CAN_IRQHandler                           0x000000e7   Thumb Code     0  startup_lpc11xx.o(.text)
    FMC_IRQHandler                           0x000000e7   Thumb Code     0  startup_lpc11xx.o(.text)
    I2C_IRQHandler                           0x000000e7   Thumb Code     0  startup_lpc11xx.o(.text)
    PIOINT0_IRQHandler                       0x000000e7   Thumb Code     0  startup_lpc11xx.o(.text)
    PIOINT1_IRQHandler                       0x000000e7   Thumb Code     0  startup_lpc11xx.o(.text)
    PIOINT2_IRQHandler                       0x000000e7   Thumb Code     0  startup_lpc11xx.o(.text)
    PIOINT3_IRQHandler                       0x000000e7   Thumb Code     0  startup_lpc11xx.o(.text)
    SSP0_IRQHandler                          0x000000e7   Thumb Code     0  startup_lpc11xx.o(.text)
    SSP1_IRQHandler                          0x000000e7   Thumb Code     0  startup_lpc11xx.o(.text)
    TIMER16_0_IRQHandler                     0x000000e7   Thumb Code     0  startup_lpc11xx.o(.text)
    TIMER16_1_IRQHandler                     0x000000e7   Thumb Code     0  startup_lpc11xx.o(.text)
    TIMER32_0_IRQHandler                     0x000000e7   Thumb Code     0  startup_lpc11xx.o(.text)
    TIMER32_1_IRQHandler                     0x000000e7   Thumb Code     0  startup_lpc11xx.o(.text)
    UART_IRQHandler                          0x000000e7   Thumb Code     0  startup_lpc11xx.o(.text)
    USB_FIQHandler                           0x000000e7   Thumb Code     0  startup_lpc11xx.o(.text)
    USB_IRQHandler                           0x000000e7   Thumb Code     0  startup_lpc11xx.o(.text)
    WAKEUP_IRQHandler                        0x000000e7   Thumb Code     0  startup_lpc11xx.o(.text)
    WDT_IRQHandler                           0x000000e7   Thumb Code     0  startup_lpc11xx.o(.text)
    delay                                    0x000000f1   Thumb Code    32  main.o(.text)
    main                                     0x00000111   Thumb Code    30  main.o(.text)
    UART_init                                0x00000149   Thumb Code   142  uart.o(.text)
    UART_recive                              0x000001d7   Thumb Code    20  uart.o(.text)
    UART_send_byte                           0x000001eb   Thumb Code    18  uart.o(.text)
    UART_send                                0x000001fd   Thumb Code    30  uart.o(.text)
    __aeabi_uidiv                            0x0000022d   Thumb Code     0  uidiv.o(.text)
    __aeabi_uidivmod                         0x0000022d   Thumb Code    44  uidiv.o(.text)
    __scatterload                            0x00000259   Thumb Code    28  init.o(.text)
    __scatterload_rt2                        0x00000259   Thumb Code     0  init.o(.text)
    __ARM_common_switch8                     0x0000027d   Thumb Code    26  system_lpc11xx.o(i.__ARM_common_switch8)
    __scatterload_copy                       0x00000297   Thumb Code    14  handlers.o(i.__scatterload_copy)
    __scatterload_null                       0x000002a5   Thumb Code     2  handlers.o(i.__scatterload_null)
    __scatterload_zeroinit                   0x000002a7   Thumb Code    14  handlers.o(i.__scatterload_zeroinit)
    Region$$Table$$Base                      0x000002b4   Number         0  anon$$obj.o(Region$$Table)
    Region$$Table$$Limit                     0x000002d4   Number         0  anon$$obj.o(Region$$Table)
    SystemCoreClockUpdate                    0x00000301   Thumb Code   356  system_lpc11xx.o(.text)
    SystemInit                               0x00000465   Thumb Code   136  system_lpc11xx.o(.text)
    SystemCoreClock                          0x10000000   Data           4  system_lpc11xx.o(.data)
    __initial_sp                             0x10000208   Data           0  startup_lpc11xx.o(STACK)



==============================================================================

Memory Map of the image

  Image Entry point : 0x000000c1

  Load Region LR_IROM1 (Base: 0x00000000, Size: 0x00000540, Max: 0x00008000, ABSOLUTE)

    Execution Region ER_IROM1 (Base: 0x00000000, Size: 0x0000053c, Max: 0x00008000, ABSOLUTE)

    Base Addr    Size         Type   Attr      Idx    E Section Name        Object

    0x00000000   0x000000c0   Data   RO            3    RESET               startup_lpc11xx.o
    0x000000c0   0x00000000   Code   RO          115  * .ARM.Collect$$$$00000000  mc_p.l(entry.o)(mc_p.l)
    0x000000c0   0x00000004   Code   RO          120    .ARM.Collect$$$$00000001  mc_p.l(entry2.o)(mc_p.l)
    0x000000c4   0x00000004   Code   RO          123    .ARM.Collect$$$$00000004  mc_p.l(entry5.o)(mc_p.l)
    0x000000c8   0x00000008   Code   RO          124    .ARM.Collect$$$$00000007  mc_p.l(entry7.o)(mc_p.l)
    0x000000d0   0x00000004   Code   RO          121    .ARM.Collect$$$$00002712  mc_p.l(entry2.o)(mc_p.l)
    0x000000d4   0x0000001c   Code   RO            5    .text               startup_lpc11xx.o
    0x000000f0   0x00000058   Code   RO           59    .text               main.o
    0x00000148   0x000000e4   Code   RO           93    .text               uart.o
    0x0000022c   0x0000002c   Code   RO          118    .text               mc_p.l(uidiv.o)(mc_p.l)
    0x00000258   0x00000024   Code   RO          125    .text               mc_p.l(init.o)(mc_p.l)
    0x0000027c   0x0000001a   Code   RO           33    i.__ARM_common_switch8  system_lpc11xx.o
    0x00000296   0x0000000e   Code   RO          129    i.__scatterload_copy  mc_p.l(handlers.o)(mc_p.l)
    0x000002a4   0x00000002   Code   RO          130    i.__scatterload_null  mc_p.l(handlers.o)(mc_p.l)
    0x000002a6   0x0000000e   Code   RO          131    i.__scatterload_zeroinit  mc_p.l(handlers.o)(mc_p.l)
    0x000002b4   0x00000020   Data   RO          127    Region$$Table       anon$$obj.o
    0x000002d4   0x00000028   PAD
    0x000002fc   0x00000004   Code   RO            4    .ARM.__at_0x02FC    startup_lpc11xx.o
    0x00000300   0x0000023c   Code   RO           15    .text               system_lpc11xx.o


    Execution Region RW_IRAM1 (Base: 0x10000000, Size: 0x00000208, Max: 0x00002000, ABSOLUTE)

    Base Addr    Size         Type   Attr      Idx    E Section Name        Object

    0x10000000   0x00000004   Data   RW           16    .data               system_lpc11xx.o
    0x10000004   0x00000004   PAD
    0x10000008   0x00000200   Zero   RW            1    STACK               startup_lpc11xx.o


==============================================================================

Image component sizes


      Code (inc. data)   RO Data    RW Data    ZI Data      Debug   Object Name

        88         26          0          0          0          0   main.o
        32         12        192          0        512          0   startup_lpc11xx.o
       598         98          0          4          0          0   system_lpc11xx.o
       228         18          0          0          0          0   uart.o

    ----------------------------------------------------------------------
       946        154        264          4        516          0   Object Totals
         0          0         32          0          0          0   (incl. Generated)
         0          0         40          0          4          1   (incl. Padding)

    ----------------------------------------------------------------------

      Code (inc. data)   RO Data    RW Data    ZI Data      Debug   Library Member Name

         0          0          0          0          0          0   entry.o
         8          4          0          0          0          0   entry2.o
         4          0          0          0          0          0   entry5.o
         8          4          0          0          0          0   entry7.o
        30          0          0          0          0          0   handlers.o
        36          8          0          0          0          0   init.o
        44          0          0          0          0          0   uidiv.o

    ----------------------------------------------------------------------
       130         16          0          0          0          0   Library Totals
         0          0          0          0          0          0   (incl. Padding)

    ----------------------------------------------------------------------

      Code (inc. data)   RO Data    RW Data    ZI Data      Debug   Library Name

       130         16          0          0          0        140   mc_p.l

    ----------------------------------------------------------------------
       130         16          0          0          0          0   Library Totals

    ----------------------------------------------------------------------

==============================================================================


      Code (inc. data)   RO Data    RW Data    ZI Data      Debug   

      1076        170        264          4        516       9192   Grand Totals
      1076        170        264          4        516       9192   ELF Image Totals
      1076        170        264          4          0          0   ROM Totals

==============================================================================

    Total RO  Size (Code + RO Data)                 1340 (   1.31kB)
    Total RW  Size (RW Data + ZI Data)               520 (   0.51kB)
    Total ROM Size (Code + RO Data + RW Data)       1344 (   1.31kB)

==============================================================================

